You entered 1994 11 11 14 20 20
Got back (3988 06 02 00 40 40)
